// Jest Snapshot v1, https://goo.gl/fbAQLP

exports[`Data Utilities Module can format federal agency JSON data 1`] = `
Array [
  Object {
    "federalAgency": "Department of Commerce",
    "isCfo": "Y",
    "subAgency": "National Institute of Standards and Technology",
    "term": "nist-gov",
    "uniqueId": "nist-gov",
  },
  Object {
    "federalAgency": "Department of Justice",
    "isCfo": "Y",
    "subAgency": "Office of Legal Counsel",
    "term": "olc-usdoj-gov",
    "uniqueId": "olc-usdoj-gov",
  },
  Object {
    "federalAgency": "Department of State",
    "isCfo": "Y",
    "subAgency": "",
    "term": "state-gov",
    "uniqueId": "state-gov",
  },
]
`;

exports[`Data Utilities Module can log failure message for invalid url 1`] = `Array []`;

exports[`Data Utilities Module can log success and fail messages via promise chain 1`] = `
Array [
  1,
  2,
  3,
]
`;

exports[`Data Utilities Module can log success and fail messages via promise chain 2`] = `
Array [
  4,
  5,
  6,
]
`;

exports[`Data Utilities Module can log success and fail messages via promise chain 3`] = `
Array [
  Array [
    "[31m[1mâœ—[22m[39m Failed to download [36mnot a valid url[39m",
  ],
  Array [
    "[32m[1mâœ”[22m[39m Successfully downloaded [36msome-path-name.json[39m",
  ],
  Array [
    "[31m[1mâœ—[22m[39m Failed to download [36msome-path-name.json[39m",
  ],
]
`;

exports[`Generator JSON utility can extend JSON files 1`] = `
Object {
  "foo": "bar",
}
`;

exports[`Generator JSON utility can extend JSON files 2`] = `
Object {
  "bar": "baz",
  "foo": "bar",
}
`;

exports[`Utilities Module can optionally return values 1`] = `
Array [
  "foo",
  "b",
  "c",
  "d",
]
`;
